******************************************************************************
                  TI ARM Linker Unix v20.2.7                   
******************************************************************************
>> Linked Sat Jun  1 15:40:33 2024

OUTPUT FILE NAME:   <ccs-project-0-linux.out>
ENTRY POINT SYMBOL: "_c_int00_noinit_noargs"  address: 00000635


MEMORY CONFIGURATION

         name            origin    length      used     unused   attr    fill
----------------------  --------  ---------  --------  --------  ----  --------
  FLASH                 00000000   00100000  00000674  000ff98c  R  X
  SRAM                  20000000   00040000  00000800  0003f800  RW X


SEGMENT ALLOCATION MAP

run origin  load origin   length   init length attrs members
----------  ----------- ---------- ----------- ----- -------
00000000    00000000    00000674   00000674    r-x
  00000000    00000000    00000208   00000208    r-- .intvecs
  00000208    00000208    0000046c   0000046c    r-x .text
20000000    20000000    00000800   00000000    rw-
  20000000    20000000    00000800   00000000    rw- .stack


SECTION ALLOCATION MAP

 output                                  attributes/
section   page    origin      length       input sections
--------  ----  ----------  ----------   ----------------
.intvecs   0    00000000    00000208     
                  00000000    00000208     tm4c1294ncpdt_startup_ccs.obj (.intvecs)

.text      0    00000208    0000046c     
                  00000208    0000042c     main.obj (.text)
                  00000634    0000002c     rtsv7M4_T_le_v4SPD16_eabi.lib : boot_cortex_m.c.obj (.text:_c_int00_noinit_noargs:_c_int00_noinit_noargs)
                  00000660    0000000c     tm4c1294ncpdt_startup_ccs.obj (.text)
                  0000066c    00000004     rtsv7M4_T_le_v4SPD16_eabi.lib : pre_init.c.obj (.text:_system_pre_init)
                  00000670    00000004                                   : exit.c.obj (.text:abort:abort)

.cinit     0    00000000    00000000     UNINITIALIZED

.init_array 
*          0    00000000    00000000     UNINITIALIZED

.stack     0    20000000    00000800     UNINITIALIZED
                  20000000    00000004     rtsv7M4_T_le_v4SPD16_eabi.lib : boot_cortex_m.c.obj (.stack)
                  20000004    000007fc     --HOLE--

__llvm_prf_cnts 
*          0    20000000    00000000     UNINITIALIZED

MODULE SUMMARY

       Module                          code   ro data   rw data
       ------                          ----   -------   -------
    ./
       main.obj                        1068   0         0      
       tm4c1294ncpdt_startup_ccs.obj   12     520       0      
    +--+-------------------------------+------+---------+---------+
       Total:                          1080   520       0      
                                                               
    /home/edward/ti/ccs1220/ccs/tools/compiler/ti-cgt-arm_20.2.7.LTS/lib/rtsv7M4_T_le_v4SPD16_eabi.lib
       boot_cortex_m.c.obj             44     0         0      
       exit.c.obj                      4      0         0      
       pre_init.c.obj                  4      0         0      
    +--+-------------------------------+------+---------+---------+
       Total:                          52     0         0      
                                                               
       Stack:                          0      0         2048   
    +--+-------------------------------+------+---------+---------+
       Grand Total:                    1132   520       2048   


GLOBAL SYMBOLS: SORTED ALPHABETICALLY BY Name 

address   name                   
-------   ----                   
00000671  C$$EXIT                
00000661  ResetISR               
20000800  __STACK_END            
00000800  __STACK_SIZE           
20000200  __STACK_TOP            
ffffffff  __TI_pprof_out_hndl    
ffffffff  __TI_prof_data_size    
ffffffff  __TI_prof_data_start   
00000000  __TI_static_base__     
ffffffff  __binit__              
ffffffff  __c_args__             
UNDEFED   __mpu_init             
20000000  __stack                
20000000  __start___llvm_prf_cnts
20000000  __stop___llvm_prf_cnts 
00000635  _c_int00_noinit_noargs 
0000066d  _system_pre_init       
00000671  abort                  
ffffffff  binit                  
00000517  checkDistance          
00000000  g_pfnVectors           
00000447  getDistance            
000003c9  initADC                
0000026b  initGPIO               
00000303  initTimer              
000003f3  initUART               
00000209  main                   


GLOBAL SYMBOLS: SORTED BY Symbol Address 

address   name                   
-------   ----                   
00000000  __TI_static_base__     
00000000  g_pfnVectors           
00000209  main                   
0000026b  initGPIO               
00000303  initTimer              
000003c9  initADC                
000003f3  initUART               
00000447  getDistance            
00000517  checkDistance          
00000635  _c_int00_noinit_noargs 
00000661  ResetISR               
0000066d  _system_pre_init       
00000671  C$$EXIT                
00000671  abort                  
00000800  __STACK_SIZE           
20000000  __stack                
20000000  __start___llvm_prf_cnts
20000000  __stop___llvm_prf_cnts 
20000200  __STACK_TOP            
20000800  __STACK_END            
ffffffff  __TI_pprof_out_hndl    
ffffffff  __TI_prof_data_size    
ffffffff  __TI_prof_data_start   
ffffffff  __binit__              
ffffffff  __c_args__             
ffffffff  binit                  
UNDEFED   __mpu_init             

[27 symbols]
